          // Test provided by Karu 
          // SEQ Rd, Rs, Rt // if (Rs == Rt) then Rd <- 1 else Rd <- 0
          
           //possible cases Rs=rt rs<rt rs>rt
          // Boundary cases rs and rt are all zeros or all ones
          // one all zeros and one all ones
          //jump to each test
          
0000 3010 jal .test1
0002 301a jal .test2
0004 3024 jal .test3
0006 302e jal .test4
0008 3038 jal .test5
000a 3042 jal .test6
000c 304c jal .test7
000e 3056 jal .test8
0010 3060 jal .test9
          
0012      .test1:
          // rs
0012 c100 lbi r1, 0
0014 9100 slbi r1, 0
          //rt
0016 c200 lbi r2, 0
0018 9200 slbi r2, 0
          // all zero case
001a e140 SEQ r0, r1, r2
          // should return 1
001c 3f00 jalr r7, 0
          
001e      .test2:
          // rs
001e c3ff lbi r3, 255
0020 93ff slbi r3, 255
          //rt
0022 c400 lbi r4, 0
0024 9400 slbi r4, 0
          // rs input all ones
0026 e394 SEQ r5, r3, r4
          // should return 0
0028 3f00 jalr r7, 0
          
002a      .test3:
          // rs
002a c600 lbi r6, 0
002c 9600 slbi r6, 0
          //rt
002e c0ff lbi r0, 255
0030 90ff slbi r0, 255
          // rt input all ones
0032 e604 SEQ r1, r6, r0
          // should return 1
0034 3f00 jalr r7, 0
          
0036      .test4:
          // rs
0036 c1ff lbi r1, 255
0038 91ff slbi r1, 255
          //rt
003a c2ff lbi r2, 255
003c 92ff slbi r2, 255
          // all zero case
003e e14c SEQ r3, r1, r2
          // should return 1
0040 3f00 jalr r7, 0
          
0042      .test5:
          // rs
0042 c602 lbi r6, 2
0044 9602 slbi r6, 2
          //rt
0046 c4ff lbi r4, 255
0048 94ff slbi r4, 255
          // compare rs to all ones
004a e684 SEQ r1, r6, r4
          // should return 1
004c 3f00 jalr r7, 0
          
004e      .test6:
          // rs
004e c602 lbi r6, 2
0050 9602 slbi r6, 2
          //rt
0052 c500 lbi r5,  0
0054 9500 slbi r5, 0
          // compare rs to all zeros
0056 e6a4 SEQ r1, r6, r5
          // should return 0
0058 3f00 jalr r7, 0
          
005a      .test7:
          // rs
005a c602 lbi r6, 2
005c 9602 slbi r6, 2
          //rt
005e c304 lbi r3,  4
0060 9304 slbi r3, 4
          // compare rs to a value
0062 e664 SEQ r1, r6, r3
          // should return 1
0064 3f00 jalr r7, 0
          
0066      .test8:
          // rs
0066 c602 lbi r6, 2
0068 9602 slbi r6, 2
          //rt
006a c202 lbi r2,  2
006c 9202 slbi r2, 2
          // compare rs to a value
006e e644 SEQ r1, r6, r2
          // should return 1
0070 3f00 jalr r7, 0
          
0072      .test9:
          // rs
0072 c604 lbi r6, 4
0074 9604 slbi r6, 4
          //rt
0076 c102 lbi r1,  2
0078 9102 slbi r1, 2
          // compare rs to a value
007a e624 SEQ r1, r6, r1
          // should return 0
007c 3f00 jalr r7, 0
007e 0000 halt
